// Jest Snapshot v1, https://goo.gl/fbAQLP

exports[`renders DatePickerInputWithoutModal 1`] = `
<View
  style={
    {
      "alignItems": "flex-start",
      "flex": 1,
      "flexGrow": 1,
      "justifyContent": "center",
      "width": "100%",
    }
  }
>
  <View
    style={
      {
        "alignItems": "center",
        "flexDirection": "row",
        "flexGrow": 1,
        "justifyContent": "flex-start",
        "width": "100%",
      }
    }
  >
    <View
      style={
        [
          {
            "backgroundColor": "rgba(231, 224, 236, 1)",
            "borderTopLeftRadius": 4,
            "borderTopRightRadius": 4,
          },
          {
            "flexGrow": 1,
            "width": "100%",
          },
        ]
      }
    >
      <View
        collapsable={false}
        style={
          [
            {
              "bottom": 0,
              "height": 2,
              "left": 0,
              "position": "absolute",
              "right": 0,
              "zIndex": 1,
            },
            {
              "height": 1,
            },
            {
              "backgroundColor": "rgba(73, 69, 79, 1)",
              "transform": [
                {
                  "scaleY": 0.5,
                },
              ],
            },
            undefined,
          ]
        }
        testID="text-input-underline"
      />
      <View
        onLayout={[Function]}
        style={
          [
            {
              "flexGrow": 1,
              "paddingBottom": 0,
              "paddingTop": 0,
            },
            {
              "minHeight": 56,
            },
          ]
        }
      >
        <View
          pointerEvents="none"
          style={
            [
              {
                "bottom": 0,
                "left": 0,
                "position": "absolute",
                "right": 0,
                "top": 0,
              },
              {
                "overflow": "hidden",
              },
              {
                "zIndex": 3,
              },
            ]
          }
        >
          <View
            collapsable={false}
            pointerEvents="none"
            style={
              {
                "bottom": 0,
                "left": 0,
                "opacity": 0,
                "position": "absolute",
                "right": 0,
                "top": 0,
                "transform": [
                  {
                    "translateX": 4,
                  },
                ],
                "width": 750,
              }
            }
          >
            <View
              style={
                {
                  "width": 97.33333333333333,
                }
              }
            >
              <Text
                collapsable={false}
                maxFontSizeMultiplier={1.5}
                numberOfLines={1}
                onLayout={[Function]}
                onTextLayout={[Function]}
                style={
                  {
                    "color": "rgba(103, 80, 164, 1)",
                    "fontFamily": "System",
                    "fontSize": 16,
                    "fontWeight": undefined,
                    "left": 0,
                    "letterSpacing": 0.15,
                    "lineHeight": undefined,
                    "maxWidth": 97.33333333333333,
                    "opacity": 0,
                    "paddingLeft": 16,
                    "paddingRight": 16,
                    "position": "absolute",
                    "textAlign": "left",
                    "top": 30,
                    "transform": [
                      {
                        "translateX": 0,
                      },
                      {
                        "translateY": -12,
                      },
                      {
                        "scale": 0.75,
                      },
                    ],
                    "writingDirection": "ltr",
                  }
                }
                testID="text-input-flat-label-active"
              >
                MM/DD/YYYY
              </Text>
              <Text
                collapsable={false}
                maxFontSizeMultiplier={1.5}
                numberOfLines={1}
                style={
                  {
                    "color": "rgba(73, 69, 79, 1)",
                    "fontFamily": "System",
                    "fontSize": 16,
                    "fontWeight": undefined,
                    "left": 0,
                    "letterSpacing": 0.15,
                    "lineHeight": undefined,
                    "maxWidth": 97.33333333333333,
                    "opacity": 0,
                    "paddingLeft": 16,
                    "paddingRight": 16,
                    "position": "absolute",
                    "textAlign": "left",
                    "top": 30,
                    "transform": [
                      {
                        "translateX": 0,
                      },
                      {
                        "translateY": -12,
                      },
                      {
                        "scale": 0.75,
                      },
                    ],
                    "writingDirection": "ltr",
                  }
                }
                testID="text-input-flat-label-inactive"
              >
                MM/DD/YYYY
              </Text>
            </View>
          </View>
        </View>
        <TextInput
          cursorColor="rgba(103, 80, 164, 1)"
          editable={true}
          keyboardAppearance="default"
          keyboardType="number-pad"
          maxFontSizeMultiplier={1.5}
          maxLength={10}
          multiline={false}
          onBlur={[Function]}
          onChange={[Function]}
          onChangeText={[Function]}
          onFocus={[Function]}
          placeholderTextColor="transparent"
          selectionColor="rgba(103, 80, 164, 1)"
          style={
            [
              {
                "flexGrow": 1,
                "margin": 0,
              },
              {},
              {
                "paddingBottom": 4,
                "paddingTop": 24,
              },
              {
                "color": "rgba(28, 27, 31, 1)",
                "fontFamily": "System",
                "fontSize": 16,
                "fontWeight": undefined,
                "letterSpacing": 0.15,
                "lineHeight": undefined,
                "minWidth": 65,
                "paddingLeft": 16,
                "paddingRight": 16,
                "textAlign": "left",
                "textAlignVertical": "center",
              },
              undefined,
              [
                {},
              ],
              undefined,
            ]
          }
          testID="text-input-flat"
          underlineColorAndroid="transparent"
          value="06/06/2025"
        />
      </View>
    </View>
  </View>
</View>
`;
